GLIBC_2.17 {
    global:
        __fxstat;
        __fxstat64;
        __lxstat;
        __lxstat64;
        __open64_2;
        __open_2;
        __realpath_chk;
        __xstat;
        __xstat64;
        access;
        bind;
        chdir;
        chroot;
        chmod;
        canonicalize_file_name;
        connect;
        dlmopen;
        dlopen;
        eaccess;
        faccessat;
        fchmodat;
        chown;
        fchown;
        fchownat;
        fopen;
        fopen64;
        forkpty;
        getegid;
        geteuid;
        getgid;
        getresgid;
        getresuid;
        getpwnam;
        getpwnam_r;
        getpwuid;
        getpwuid_r;
        get_current_dir_name;
        getcwd;
        getuid;
        inotify_add_watch;
        isatty;
        lchown;
        link;
        linkat;
        mkdir;
        mkdirat;
        mkostemp;
        mkostemps;
        mkstemp;
        mkstemps;
        msgctl;
        msgget;
        msgrcv;
        msgsnd;
        open;
        open64;
        openat;
        openat64;
        openpty;
        opendir;
        posix_spawn;
        posix_spawnp;
        remove;
        realpath;
        rename;
        renameat;
        rmdir;
        scandir;
        scandir64;
        symlink;
        symlinkat;
        syscall;
        unlink;
        unlinkat;
        execlp;
        execv;
        execve;
        execvp;
        execvpe;
        readlink;
        readlinkat;
        semctl;
        semget;
        semop;
        semtimedop;
        setpgid;
        setsid;
        setfsgid;
        setfsuid;
        shm_open;
        shm_unlink;
};

GLIBC_2.28 {
    global:
        statx;
} GLIBC_2.17;

GLIBC_2.33 {
    global:
        fstat;
        fstat64;
        fstatat;
        lstat;
        lstat64;
        stat;
        stat64;
} GLIBC_2.28;
