GLIBC_2.17 {
    global:
        __fxstat;
        __fxstat64;
        __lxstat;
        __lxstat64;
        __open64_2;
        __open_2;
        __realpath_chk;
        __xstat;
        __xstat64;
        access;
        bind;
        chdir;
        chroot;
        chmod;
        canonicalize_file_name;
        capset;
        connect;
        dlmopen;
        dlopen;
        eaccess;
        faccessat;
        fchmodat;
        chown;
        fchown;
        fchownat;
        fgetxattr;
        fopen;
        fopen64;
        fremovexattr;
        forkpty;
        fsetxattr;
        getegid;
        geteuid;
        getgid;
        getresgid;
        getresuid;
        getpwnam;
        getpwnam_r;
        getpwuid;
        getpwuid_r;
        get_current_dir_name;
        getcwd;
        getuid;
        getxattr;
        inotify_add_watch;
        isatty;
        lchown;
        link;
        linkat;
        lgetxattr;
        listxattr;
        llistxattr;
        lremovexattr;
        lsetxattr;
        mkdir;
        mkdirat;
        mkdtemp;
        mkostemp;
        mkostemp64;
        mkostemps;
        mkostemps64;
        mkstemp;
        mkstemp64;
        mkstemps;
        mkstemps64;
        msgctl;
        msgget;
        msgrcv;
        msgsnd;
        open;
        open64;
        openat;
        openat64;
        openpty;
        opendir;
        posix_spawn;
        posix_spawnp;
        ptsname;
        remove;
        realpath;
        rename;
        renameat;
        removexattr;
        rmdir;
        scandir;
        scandir64;
        symlink;
        symlinkat;
        syscall;
        unlink;
        unlinkat;
        utimensat;
        execlp;
        execv;
        execve;
        execvp;
        execvpe;
        readlink;
        readlinkat;
        readdir;
        readdir64;
        semctl;
        semget;
        semop;
        semtimedop;
        sendmsg;
        setpgid;
        setsid;
        setfsgid;
        setfsuid;
        setxattr;
        shm_open;
        shm_unlink;
};

GLIBC_2.28 {
    global:
        statx;
} GLIBC_2.17;

GLIBC_2.33 {
    global:
        fstat;
        fstat64;
        fstatat;
        lstat;
        lstat64;
        stat;
        stat64;
} GLIBC_2.28;

GLIBC_2.34 {
} GLIBC_2.33;
